
Collecting usage statistics. To deactivate, set browser.gatherUsageStats to false.

2026-10-01 10:05:12.931 Uvicorn server started on :::8501

  You can now view your Streamlit app in your browser.

  Local URL: http://localhost:8501
  Network URL: http://192.168.0.2:8501
  External URL: http://34.134.215.5:8501

10:06:38 - INFO - src.data.loader - Loading real dataset from /app/data/raw/weather_data.csv
10:06:38 - INFO - src.data.cleaner - Dropping 8176 rows with unparseable timestamps
10:06:39 - INFO - src.data.cleaner - Cleaning complete: 53,195 -> 45,019 rows
10:07:10 - INFO - src.data.loader - Loading real dataset from /app/data/raw/weather_data.csv
10:07:10 - INFO - src.data.cleaner - Dropping 8176 rows with unparseable timestamps
10:07:10 - INFO - src.data.cleaner - Cleaning complete: 53,195 -> 45,019 rows
/home/jules/.pyenv/versions/3.12.13/lib/python3.12/pickle.py:1760: UserWarning: [10:07:15] WARNING: /__w/xgboost/xgboost/src/collective/../data/../common/error_msg.h:83: If you are loading a serialized model (like pickle in Python, RDS in R) or
configuration generated by an older version of XGBoost, please export the model by calling
`Booster.save_model` from that version first, then load it back in current version. See:

    https://xgboost.readthedocs.io/en/stable/tutorials/saving_model.html

for more details about differences between saving model and serializing.

  setstate(state)
/home/jules/.pyenv/versions/3.12.13/lib/python3.12/site-packages/sklearn/base.py:525: InconsistentVersionWarning: Trying to unpickle estimator DecisionTreeRegressor from version 1.8.0 when using version 1.9.1. This might lead to breaking code or invalid results. Use at your own risk. For more info please refer to:
https://scikit-learn.org/stable/model_persistence.html#security-maintainability-limitations
  warnings.warn(
/home/jules/.pyenv/versions/3.12.13/lib/python3.12/site-packages/sklearn/base.py:525: InconsistentVersionWarning: Trying to unpickle estimator RandomForestRegressor from version 1.8.0 when using version 1.9.1. This might lead to breaking code or invalid results. Use at your own risk. For more info please refer to:
https://scikit-learn.org/stable/model_persistence.html#security-maintainability-limitations
  warnings.warn(
/home/jules/.pyenv/versions/3.12.13/lib/python3.12/site-packages/sklearn/base.py:525: InconsistentVersionWarning: Trying to unpickle estimator DecisionTreeRegressor from version 1.8.0 when using version 1.9.1. This might lead to breaking code or invalid results. Use at your own risk. For more info please refer to:
https://scikit-learn.org/stable/model_persistence.html#security-maintainability-limitations
  warnings.warn(
/home/jules/.pyenv/versions/3.12.13/lib/python3.12/site-packages/sklearn/base.py:525: InconsistentVersionWarning: Trying to unpickle estimator RandomForestRegressor from version 1.8.0 when using version 1.9.1. This might lead to breaking code or invalid results. Use at your own risk. For more info please refer to:
https://scikit-learn.org/stable/model_persistence.html#security-maintainability-limitations
  warnings.warn(
